LTspice 26.0.1 for Windows
Circuit: C:\MyPrograms\Obsidian\Life\Universidad\CIRCUITOS\Sim2\Diodo\ej4.1.net
Start Time: Tue May 12 19:05:48 2026

.step rl=1000
solver = Normal
Maximum thread count: 8
tnom = 27
temp = 27
method = trap
.OP point found by inspection.
.OP point found by inspection.

.step rl=5000
.OP point found by inspection.
.OP point found by inspection.

.step rl=10000
.OP point found by inspection.
.OP point found by inspection.
Total elapsed time: 0.355 seconds.

Files loaded:
C:\MyPrograms\Obsidian\Life\Universidad\CIRCUITOS\Sim2\Diodo\ej4.1.net
C:\Users\ajers\AppData\Local\LTspice\lib\cmp\standard.dio

